> Task :app:preBuild UP-TO-DATE
> Task :app:preDebugBuild UP-TO-DATE
> Task :app:mergeDebugNativeDebugMetadata NO-SOURCE
> Task :app:dataBindingMergeDependencyArtifactsDebug UP-TO-DATE
> Task :app:generateDebugResValues UP-TO-DATE
> Task :app:generateDebugResources UP-TO-DATE
> Task :app:mergeDebugResources UP-TO-DATE
> Task :app:packageDebugResources UP-TO-DATE
> Task :app:parseDebugLocalResources UP-TO-DATE
> Task :app:dataBindingGenBaseClassesDebug UP-TO-DATE
> Task :app:javaPreCompileDebug UP-TO-DATE
> Task :app:checkDebugAarMetadata UP-TO-DATE
> Task :app:mapDebugSourceSetPaths UP-TO-DATE
> Task :app:createDebugCompatibleScreenManifests UP-TO-DATE
> Task :app:extractDeepLinksDebug UP-TO-DATE
> Task :app:processDebugMainManifest UP-TO-DATE
> Task :app:processDebugManifest UP-TO-DATE
> Task :app:processDebugManifestForPackage UP-TO-DATE
> Task :app:processDebugResources UP-TO-DATE

> Task :app:compileDebugJavaWithJavac FAILED
Java compiler version 21 has deprecated support for compiling with source/target version 8.
Try one of the following options:
    1. [Recommended] Use Java toolchain with a lower language version
    2. Set a higher source/target version
    3. Use a lower version of the JDK running the build (if you're not using Java toolchain)
For more details on how to configure these settings, see https://developer.android.com/build/jdks.
To suppress this warning, set android.javaCompile.suppressSourceTargetDeprecationWarning=true in gradle.properties.
.\gradlew.bat : 璀﹀憡: [options] 婧愬€?8 宸茶繃鏃讹紝灏嗗湪鏈潵鍙戣鐗堜腑鍒犻櫎
所在位置 行:1 字符: 96
+ ... ionPreference = "Continue" ; .\gradlew.bat assembleDebug 2>&1 | Tee-O ...
+                                  ~~~~~~~~~~~~~~~~~~~~~~~~~~~~~~~~
    + CategoryInfo          : NotSpecified: (璀﹀憡: [options] ...灏嗗湪鏈潵鍙戣鐗堜腑鍒犻櫎:String) [], RemoteException
    + FullyQualifiedErrorId : NativeCommandError
 
璀﹀憡: [options] 鐩爣鍊?8 宸茶繃鏃讹紝灏嗗湪鏈潵鍙戣鐗堜腑鍒犻櫎
璀﹀憡: [options] 瑕侀殣钘忔湁鍏冲凡杩囨椂閫夐」鐨勮鍛? 璇蜂娇鐢?-Xlint:-options銆?
D:\colorgueture\app\src\main\java\com\hook\colorgueture\MainHook.java:234: 閿欒: 'try' 涓嶅甫鏈?'catch', 'finally' 鎴栬祫婧愬０鏄?        try {
        ^
D:\colorgueture\app\src\main\java\com\hook\colorgueture\MainHook.java:459: 閿欒: 闈炴硶鐨勮〃杈惧紡寮€濮?    private static void hookOplusDeviceControlsTile(XC_LoadPackag
e.LoadPackageParam lpparam) {
    ^
2 涓敊璇?
3 涓鍛?
[Incubating] Problems report is available at: file:///D:/colorgueture/build/reports/problems/problems-report.html

FAILURE: Build failed with an exception.

* What went wrong:
Execution failed for task ':app:compileDebugJavaWithJavac'.
> Compilation failed; see the compiler output below.
  璀﹀憡: [options] 婧愬€?8 宸茶繃鏃讹紝灏嗗湪鏈潵鍙戣鐗堜腑鍒犻櫎
  D:\colorgueture\app\src\main\java\com\hook\colorgueture\MainHook.java:459: 閿欒: 闈炴硶鐨勮〃杈惧紡寮€濮?
      private static void hookOplusDeviceControlsTile(XC_LoadPackage.LoadPackageParam lpparam) {
      ^
  D:\colorgueture\app\src\main\java\com\hook\colorgueture\MainHook.java:234: 閿欒: 'try' 涓嶅甫鏈?'catch', 'finally' 鎴栬祫婧愬０鏄?
          try {
          ^
  璀﹀憡: [options] 鐩爣鍊?8 宸茶繃鏃讹紝灏嗗湪鏈潵鍙戣鐗堜腑鍒犻櫎
  璀﹀憡: [options] 瑕侀殣钘忔湁鍏冲凡杩囨椂閫夐」鐨勮鍛? 璇蜂娇鐢?-Xlint:-options銆?
  2 涓敊璇?
  3 涓鍛?

* Try:
> Check your code and dependencies to fix the compilation error(s)
> Run with --scan to get full insights.

BUILD FAILED in 6s
17 actionable tasks: 1 executed, 16 up-to-date
